<UserControl x:Class="TestProject.PersonUserControl"
             xmlns="http://schemas.microsoft.com/winfx/2006/xaml/presentation"
             xmlns:x="http://schemas.microsoft.com/winfx/2006/xaml"
             xmlns:mc="http://schemas.openxmlformats.org/markup-compatibility/2006"
             xmlns:d="http://schemas.microsoft.com/expression/blend/2008"
             xmlns:local="clr-namespace:TestProject"
             mc: Ignorable="d"
             d:DesignHeight = "300" d:DesignWidth="300">
	<Grid>
		<TextBox Name="tbName" HorizontalAlignment="Left" VerticalAlignment="Top" Margin="2,2,0,0" Width="100" Text="{Binding Path=Name, UpdateSourceTrigger=PropertyChanged}" IsEnabled="{Binding Path=IsNameEnabled}" Visibility="{Binding Path=NameVisibility}" >
			<TextBox.InputBindings>
				<KeyBinding Key="Enter", Command="{Binding Path=NameEnterCommand}" />
			</TextBox.InputBindings>
		</TextBox>
		<Label Name="lPath" HorizontalAlignment="Left" VerticalAlignment="Top" Margin="2,2,0,0" Width="100" Content="{Binding Path=Path}" IsEnabled="{Binding Path=IsPathEnabled}" Visibility="{Binding Path=PathVisibility}"  />
		<ListBox Name="lbPlayers" HorizontalAlignment="Stretch" VerticalAlignment="Stretch" Margin="2,2,0,0" ItemsSource="{Binding Path=Players}" SelectedItem="{Binding Path=SelectedPlayer}" IsEnabled="{Binding Path=IsPlayersEnabled}" Visibility="{Binding Path=PlayersVisibility}" >
			<ListBox.InputBindings>
				<KeyBinding Key="Enter", Command="{Binding Path=PlayersEnterCommand}" />
				<MouseBinding MouseAction="LeftDoubleClick", Command="{Binding Path=PlayersEnterCommand}" />
			</ListBox.InputBindings>
		</ListBox>
		<Button Name="btnStart" HorizontalAlignment="Left" VerticalAlignment="Top" Margin="2,2,0,0" Width="100" Content="{Binding Path=Start}" Command="{Binding Path=StartCommand}" Visibility="{Binding Path=StartVisibility}"  />
		<ComboBox Name="cbColors" HorizontalAlignment="Left" VerticalAlignment="Top" Margin="2,2,0,0" Width="100" ItemsSource="{Binding Path=Colors}" SelectedItem="{Binding Path=SelectedColor}" IsEnabled="{Binding Path=IsColorsEnabled}" Visibility="{Binding Path=ColorsVisibility}"  />
		<ContentPresenter Name="cpImage" HorizontalAlignment="Stretch" VerticalAlignment="Stretch" Margin="2,2,0,0" Content="{Binding Path=Image}" Visibility="{Binding Path=ImageVisibility}"  />
		<ItemsControl Name="icPlayers" HorizontalAlignment="Stretch" VerticalAlignment="Stretch" Margin="2,2,0,0" ItemsSource="{Binding Path=Players}" Visibility="{Binding Path=PlayersVisibility}"  />
	</Grid>
</UserControl>