Path= C:\Projects\TestProject\TestProject\TestAssembly\