namespace TestProject
{
	public interface IPersonController
	{
	}
}
