Binding[0] = Content
Binding[1] = Command
Binding[2] = Visibility
