Binding[0] = Text
Binding[1] = Property-Changed-Trigger
Binding[2] = IsEnabled
Binding[3] = Visibility
Binding[4] = Key-Binding
